move_rasters
> PROCEDURE move_rasters
  chargimage("B:\ARAKIS05")
  file$="A:\DEDICACE.THK"
  IF EXIST(file$)=0             ! Does it exist ???
    EDIT                        ! No => Back to the editor
  ENDIF
  .
  OPEN "i",#1,file$             ! Open the file
  len%=LOF(#1)                  ! Length of that file
  RESERVE FRE(0)-len%           ! Reserve a part of the memory
  music%=MALLOC(len%)           ! Define a buffer ( to put the music )
  BGET #1,music%,len%           ! Transfer the datas into the buffer
  CLOSE #1                      ! Close the file
  .
  ~XBIOS(&H26,L:music%)         ! Initialize the music
  SLPOKE &H4D2,music%+8         ! Play it at each VBL
  HIDEM
  OUT 4,18
  DIM rast$(3)
  rast$(0)=MKI$(&H2)+MKI$(&H3)+MKI$(&H4)+MKI$(&H5)+MKI$(&H6)+MKI$(&H5)+MKI$(&H4)+MKI$(&H3)+MKI$(&H2)
  rast$(1)=MKI$(&H200)+MKI$(&H300)+MKI$(&H400)+MKI$(&H500)+MKI$(&H600)+MKI$(&H500)+MKI$(&H400)+MKI$(&H300)+MKI$(&H200)
  rast$(2)=MKI$(&H20)+MKI$(&H30)+MKI$(&H40)+MKI$(&H50)+MKI$(&H60)+MKI$(&H50)+MKI$(&H40)+MKI$(&H30)+MKI$(&H20)
  rast$(3)=MKI$(&H22)+MKI$(&H33)+MKI$(&H44)+MKI$(&H55)+MKI$(&H66)+MKI$(&H55)+MKI$(&H44)+MKI$(&H33)+MKI$(&H22)
  s$=MKI$(8)+MKI$(8)+MKI$(0)+MKI$(0)+MKI$(1)+STRING$(4,MKI$(0))+STRING$(12,MKI$(1344))+STRING$(2,MKI$(3424))+STRING$(2,MKI$(7536))+STRING$(2,MKI$(14648))+STRING$(4,MKI$(57614))+STRING$(6,MKI$(&H0))
  fon$=STRING$(82,MKI$(&H0))
  r%=GEMDOS(32,L:0)
  DO
    ADD e&,1.852
    rast$=fon$
    FOR p|=0 TO 3
      BMOVE V:rast$(p|),ADD(V:rast$,MUL(DIV(145*SINQ(ADD(e&,MUL(p|,411)) MOD 180),2),2)),18
    NEXT p|
    '    SPRITE s$,ADD(150*COSQ(DIV(e&,2) MOD 360),160),ADD((-170*SINQ(e& MOD 180)),180)
    VSYNC
    FOR l%=V:rast$ TO ADD(V:rast$,162) STEP 2
      DPOKE &HFF8240,CARD{l%}
    NEXT l%
  LOOP UNTIL INP?(2)
  GOSUB fin
  ~GEMDOS(32,L:r%)
  OUT 4,8
  EDIT
RETURN
> PROCEDURE fin
  .
  SLPOKE &H4D2,0                ! Stop playing
  ~XBIOS(&H26,L:music%+4)       ! Switch off all voices and set back interrupts
  SPOKE &H484,15                ! Enable this fuckin' 'Bip' of the keyboard
  .
  ~MFREE(music%)                ! There's no use anymore
RETURN
> PROCEDURE chargimage(image$)
  image$=image$+".PI1"
  i%=MALLOC(32066)
  pal%=MALLOC(32)
  BLOAD image$,i%
  BMOVE i%+34,XBIOS(2),32000
  BMOVE i%+2,pal%,32
  ~MFREE(i%)
RETURN
