'
' Vorbereitung fÅr beide Anwendungsbeispiele
' --------------------------------------------
xt%=2-SGN(XBIOS(4))
yt%=MIN(2,3-XBIOS(4))
FOR i%=0 TO 100
DEFFILL RANDOM(MAX(1,(2^(2-XBIOS(4)))^2-1))+1,2,RANDOM(22)
x%=RANDOM(590/xt%)
y%=RANDOM(350/yt%)
PBOX x%,y%,x%+50/xt%,y%+50/yt%
NEXT i%
'
' Anwendungsbeispiel 1:
' ---------------------
PRINT "Lupe mit rechter Maustaste aufrufen"
DO
GRAPHMODE 3
MOUSE xx%,yy%,k%
xx%=MAX(130,xx%)
yy%=MAX(130,yy%)
BOX xx%-1,yy%-1,xx%+20,yy%+20
BOX xx%-1,yy%-1,xx%+20,yy%+20
IF MOUSEK=2
GRAPHMODE 1
lupe(xx%-20*6,yy%-20*6,20,20,6,6,1)
HIDEM
ENDIF
LOOP
'
' Anwendungsbeispiel 2 (vorher Beispiel 1 lîschen):
' -------------------------------------------------
PRINT "Maushintergrund (20*20) in Feld 'Larr%()' einlesen."
PRINT "beliebige Maustaste drÅcken"
REPEAT
UNTIL MOUSEK
@lupe(MOUSEX-20*6,MOUSEY-20*6,20,20,6,6,2)
CLS
FOR i%=0 TO 20-1
FOR j%=0 TO 20-1
COLOR larr%(i%,j%)
PLOT 100+i%,100+j%
NEXT j%
NEXT i%
'
PROCEDURE lupe(xp%,yp%,br%,ho%,sx%,sy%,flg%)
LOCAL i%,j%,lb$,mx%,my%,mk%,xp2%,yp2%,pkt%
LOCAL xt%,yt%,pnt%,mxx%,myy%,pxr%,pyr%
xt%=2-SGN(XBIOS(4))
yt%=MIN(2,3-XBIOS(4))
sx%=MIN(sx%,16)
xp%=MIN(639/xt%,MAX(xp%-10,0))
yp%=MIN(399/yt%,MAX(yp%-10,0))
xp2%=MIN(639/xt%,MAX(xp%+br%*sx%+9,0))
yp2%=MIN(399/yt%,MAX(yp%+ho%*sy%+9,0))
GET xp%,yp%,xp2%,yp2%,lb$
ERASE larr%()
DIM bl$((2^(2-XBIOS(4)))^2),larr%(br%,ho%)
IF flg%<>2
FOR i%=0 TO (2^(2-XBIOS(4)))^2
DEFFILL i%,2,8
pxr%=xp%+4+MIN(br%*sx%,18)
pyr%=yp%+4+MIN(ho%*sy%,18)
PBOX xp%+4,yp%+4,pxr%,pyr%
GET xp%+5,yp%+5,xp%+5+15,yp%+5+15,bl$(i%)
MID$(bl$(i%),1,4)=MKI$(MAX(1,sx%-1))+MKI$(MAX(1,sy%-1))
NEXT i%
DEFFILL 0,0,0
COLOR 1
PBOX xp%,yp%,xp2%,yp2%
BOX xp%,yp%,xp2%,yp2%
BOX xp%+4,yp%+4,xp2%-4,yp2%-4
ENDIF
MOUSE mx%,my%,mk%
FOR i%=0 TO br%-1
FOR j%=0 TO ho%-1
pnt%=POINT(mx%+i%,my%+j%)
IF pnt%
larr%(i%,j%)=pnt%
IF flg%<>2
PUT xp%+5+i%*sx%,yp%+5+j%*sy%,bl$(pnt%)
ENDIF
ENDIF
NEXT j%
NEXT i%
IF flg%<>2
REPEAT
MOUSE mxx%,myy%,mk%
SHOWM
REPEAT
UNTIL MOUSEX<>mxx% OR MOUSEY<>myy% OR MOUSEK
IF mxx%>xp%+5 AND mxx%<xp%+4+br%*sx%
IF myy%>yp%+5 AND myy%<yp%+4+ho%*sy%
mxx%=INT((mxx%-(xp%+5))/sx%)
myy%=INT((myy%-(yp%+5))/sy%)
IF mk%=1
IF flg%=1
PLOT mx%+mxx%,my%+myy%
ENDIF
larr%(mxx%,myy%)=pkt%
PUT xp%+5+mxx%*sx%,yp%+5+myy%*sy%,bl$(pkt%)
ELSE
pkt%=POINT(xp%+5+mxx%*sx%,yp%+5+myy%*sy%)-1
IF pkt%<0
pkt%=MAX(1,(2^(2-XBIOS(4)))^2-1)
ENDIF
COLOR pkt%
ENDIF
ENDIF
ENDIF
UNTIL mk%=2
PAUSE 5
ENDIF
ERASE bl$()
PUT xp%,yp%,lb$
RETURN
