'       ce source ne sert plus … rien, il est inclus dans BOOTS.GFA
'
'
' fdest$="E:\DEVPAC\A\BOOTS\TST.BIN"
'
nbr&=0
path$="\GFABASIC\DIVERS\SECTORS\"
info$="DADU GET-BOOT  v1.0  19/07/92"
extension$="*.BIN"
path$="\"
'
PRINT CHR$(27);"v";
PRINT info$
PRINT
PRINT "Program written by DAvid DUcassou, route de monsegur, 40700 Hagetmau, France."
PRINT
PRINT "Take the bootsector of a disk in disk drive A, and saves it in a file."
PRINT
PRINT "Hi to IMPACT, MAD VISION, ...,  and cool-boots coders."
~INP(2)
'
DO
  DEFMOUSE 0
  CLS
  PRINT info$+".  Select the name of the file to write."
  PRINT "Already gotten: ";nbr&
  FILESELECT path$+extension$,"",fdest$
  EXIT IF fdest$=""
  '
  DEFMOUSE 2
  buffer$=STRING$(512,0)
  dummy&=XBIOS(8,L:VARPTR(buffer$),L:0,W:0,W:1,W:0,W:0,W:1)
  '
  BSAVE fdest$,VARPTR(buffer$),LEN(buffer$)
  INC nbr&
  '
  path$=MID$(fdest$,1,RINSTR(fdest$,"\"))
  '
LOOP
EDIT
> PROCEDURE t
  t%=INP(2)
  t$=UPPER$(CHR$(t%))
RETURN
