' ******************************************************************************
' *                                                                            *
' *                      Anleitung fÅr AUTO_KEY.PRG                            *
' *                                                                            *
' *                 Installationsprogramm  DEFAULT.KEY  Datei                      *
' *        die mit dem Tastatureditor  KEY_EDI.PRG  erstellt wurde            *
' *                                                                            *
' *                     GFABASIC 2.0 + COMPILER 2.02                           *
' *                                                                            *
' *      by Peter Berghammer                                                   *
' *         Unterratting 18                                                    *
' *         8201 Amerang                                                       *
' *                                                                            *
' ******************************************************************************
'
' Autoordnerstart:  1. Anwendung anmelden: GEM od. TOS
'                   2. AUTO_KEY.PRG in Autoordner kopieren
'                   3. Start beim booten
'                   4. Belegt Tastatur mit DEFAULT.KEY Datei
'
' ******************************************************************************
'
' Start vom Desktop: 1. Anwendung anmelden: GEM
'                    2. Start vom Desktop
'
' ******************************************************************************
' Andere Kombinationen sind nicht mîglich
