Procedure Init_hnumbers
Rt_MENU=0         !                     
'
Rt_MINIKEY=1      !                     
'
Rt_DEMOBOX=2      !                     
Ro_NAME=2         !Name:                           Edit             
Ro_TOUCH=3        ! Sonderzeichen      Touch           Select      
Ro_AGE=4          !Alte:                           Edit             
Ro_MALE=5         !Mann                                 Select Radio
Ro_SUBSCR=7       !TASTE                                Select      
Ro_NUMBER=10      !                                                 
Ro_BAR=12         !                                                 
Ro_SLIDER=13      !                     Touch                       
Ro_OK=15          !OK                         Exit      Select      
'
Rt_STORAGE=3      !                     
'
Rt_DESKTOP=4      !                     
'
Rt_INFO=5         !                     
Ro_VERSION=1      !GUP Demo  v                                      
'
Rt_NOLOWRES=0     !Schade                                    ALERT BOXEN
Rt_NOMEMORY=1     ! STOP                
Rt_ERROR=2        !  OK                 
Rt_FATAL=3        ! STOP                
Rt_MISSING=4      ! STOP                
