22/07/96       4K D:\ARBETE\FIRENEWS\FILE.C
    T       18   file=fopen(temp,"rb");
    T       80     file=fopen(temp,"wb");
    T       82     file=fopen(temp,"ab");
22/07/96      16K D:\ARBETE\FIRENEWS\C_MSGL.C
    T      238   hdr=fopen(tempvar.lastpath,"r");
    T      262   msg=fopen(tempvar.lastpath,"rb");
22/07/96      12K D:\ARBETE\FIRENEWS\WRITE.C
    T       10   tempfile=fopen(TEMP_MESSAGE,"w");
    T       31     sigfile=fopen(config->signature,"r");
    T       67   tempfile=fopen(TEMP_MESSAGE,"w");
    T       77   sigfile=fopen(tempvar.tempstring,"rb");
    T      156     sigfile=fopen(config->signature,"r");
    T      202   hdrfile=fopen(tempvar.tempstring,"ar+");
    T      214   msgfile=fopen(tempvar.tempstring,"ar+");
    T      225   tempfile=fopen(TEMP_MESSAGE,"r");
21/07/96      18K D:\ARBETE\FIRENEWS\C_READ.C
    T      389   file=fopen(tempvar.lastpath,"rb");
21/07/96       9K D:\ARBETE\FIRENEWS\C_INFO.C
    T      124   file=fopen(tempvar.lastpath,"rb");
01/07/96       1K D:\ARBETE\FIRENEWS\MAIN.C
    T       23 //  logfile=fopen("C:\FIRECALL.LOG","a");
