PROCEDURE init_states
  '
  ' Flags
  '
  LET selectable|=0
  LET default|=1
  LET exit|=2
  LET editable|=3
  LET rbutton|=4
  LET lastob|=5
  LET touchexit|=6
  LET hidetree|=7
  LET indirect|=8
  '
  ' States
  '
  LET selected|=0
  LET crossed|=1
  LET checked|=2
  LET disabled|=3
  LET outlined|=4
  LET shadowed|=5
  '
RETURN
'
PROCEDURE deselect(tree%,obj&)
  clr_state(tree%,obj&,selected|)
RETURN
'
PROCEDURE select(tree%,obj&)
  set_state(tree%,obj&,selected|)
RETURN
'
PROCEDURE disable(tree%,obj&)
  set_state(tree%,obj&,disabled|)
RETURN
'
PROCEDURE able(tree%,obj&)
  clr_state(tree%,obj&,disabled|)
RETURN
'
PROCEDURE set_flag(tree%,obj&,flag|)
  OB_FLAGS(tree%,obj&)=BSET(OB_FLAGS(tree%,obj&),flag|)
RETURN
'
PROCEDURE clr_flag(tree%,obj&,flag|)
  OB_FLAGS(tree%,obj&)=BCLR(OB_FLAGS(tree%,obj&),flag|)
RETURN
'
PROCEDURE change_flag(tree%,obj&,flag|)
  OB_FLAGS(tree%,obj&)=BCHG(OB_FLAGS(tree%,obj&),flag|)
RETURN
'
PROCEDURE set_state(tree%,obj&,state|)
  OB_STATE(tree%,obj&)=BSET(OB_STATE(tree%,obj&),state|)
RETURN
'
PROCEDURE clr_state(tree%,obj&,state|)
  OB_STATE(tree%,obj&)=BCLR(OB_STATE(tree%,obj&),state|)
RETURN
'
PROCEDURE change_state(tree%,obj&,state|)
  OB_STATE(tree%,obj&)=BCHG(OB_STATE(tree%,obj&),flag|)
RETURN
'
PROCEDURE set_text(tree%,obj&,a$)
  SELECT OB_TYPE(tree%,obj&)
  CASE 21,22,29,30
    CHAR{{OB_SPEC(tree%,obj&)}}=a$
  CASE 26,28
    CHAR{OB_SPEC(tree%,obj&)}=a$
  ENDSELECT
RETURN
'
FUNCTION get_text$(tree%,obj&)
  LOCAL a$
  SELECT OB_TYPE(tree%,obj&)
  CASE 21,22,29,30
    a$=CHAR{{OB_SPEC(tree%,obj&)}}
  CASE 26,28
    a$=CHAR{OB_SPEC(tree%,obj&)}
  ENDSELECT
  RETURN a$
ENDFUNC
'
PROCEDURE start_time
  zeit$=TIME$
  stunde|=VAL(LEFT$(zeit$,2))
  minute|=VAL(MID$(zeit$,4,2))
  sekunde|=VAL(RIGHT$(zeit$,2))
  EVERY 200 GOSUB show_time
RETURN
'
PROCEDURE stop_time
  EVERY STOP
  TEXT 440,14,SPACE$(24)
RETURN
'
PROCEDURE show_time
  LOCAL s$,m$,h$
  time!=TRUE
  date!=TRUE
  INC sekunde|
  IF sekunde|>59
    sekunde|=0
    INC minute|
    IF minute|>59
      minute|=0
      INC stunde|
      IF stunde|>23
        stunde|=0
      ENDIF !stunde|
    ENDIF !minute|
  ENDIF ! sekunde|
  IF time!
    s$=STR$(sekunde|)
    m$=STR$(minute|)
    h$=STR$(stunde|)
    IF LEN(h$)=1
      h$="0"+h$
    ENDIF
    IF LEN(m$)=1
      m$="0"+m$
    ENDIF
    IF LEN(s$)=1
      s$="0"+s$
    ENDIF
    zeit$=h$+":"+m$+":"+s$
  ENDIF
  '
  IF date!
    datum$=DATE$
  ENDIF
  IF time!
    datum$=datum$+" "+zeit$
  ENDIF
  IF dig_date!
    convert(datum$)
  ENDIF
  IF date! OR time! OR day!
    TEXT 440+(24-LEN(datum$))*8,14,datum$
    datum$=""
  ENDIF
RETURN
'
PROCEDURE convert(VAR a$)
  LOCAL i|,z|
  FOR i|=1 TO LEN(a$)
    z|=ASC(MID$(a$,i|,1))
    IF z|>=48 AND z|<=57
      MID$(a$,i|,1)=CHR$(z|-32)
    ENDIF
  NEXT i|
RETURN
'
PROCEDURE deconvert(VAR a$)
  LOCAL i|,z|
  FOR i|=1 TO LEN(a$)
    z|=ASC(MID$(a$,i|,1))
    IF z|>=16 AND z|<=25
      MID$(a$,i|,1)=CHR$(z|+32)
    ENDIF
  NEXT i|
RETURN
