'
' ------------------------------------------
' Circle - Trick - Grafik
'
For I=1 To 300 Step 3
  Circle 320,350,I*1.07,900-I*2,900+I*2
  Circle 320,300,I,2700+I*3,2700-I*3
Next I
Pause 100
'
' ------------------------------------------------
' Defline - Trick - Grafik
'
For B%=1 To 640
  Defline B% Mod 7
  Box B%,B% Mod 150,(640-B%) Mod 640,(400-B%) Mod 400
Next B%
'
' ------------------------------------------------
' Ellypse - Trick- Grafik
'
For I%=300 To -900 Step -6
  Add X%,4
  Ellipse 320,200,I%,-X%*0.5
Next I%
U=Inp(2)
'
' ------------------------------------------
' Grow-/Shrink-Box - Gag
'
For I=1 To 10
  Dpoke Gintin,620-I*55
  Dpoke Gintin+2,390-I*20
  Dpoke Gintin+4,20+I*20
  Dpoke Gintin+6,10+I*20
  Dpoke Gintin+8,10+I*20
  Dpoke Gintin+10,10+I*20
  Dpoke Gintin+12,620-I*20
  Dpoke Gintin+14,10+I*20
  Gemsys 73
  Gemsys 74
Next I
'
' -----------------------------------------------
' Ibox / Obox  -   Demo
'
On Menu Ibox 1,100,200,150,100 Gosub I.box1
On Menu Ibox 2,400,200,150,100 Gosub I.box2
Box 100,200,250,300
Box 400,200,550,300
Graphmode 3
Do
  On Menu
Loop
Procedure I.box1
  Text 110,255,"In linker Box"
  Text 110,255,"In linker Box"
Return
Procedure I.box2
  Text 410,255,"In rechter Box"
  Text 410,255,"In rechter Box"
Return
'
' -----------------------------------------------------
' Inkey$ - Analyse
'
Do
  Zeichen$=Inkey$
  Zeich.1=Asc(Left$(Zeichen$))
  Zeich.2=Asc(Right$(Zeichen$))
  Zeich.3=Zeich.1*256+Zeich.2
  Print At(10,10);Spc(69)
  Print At(10,10);
  Print Using "! ### ### #####",Zeichen$,Zeich.1,Zeich.2,Zeich.3
  ' liefert Zeichen, ASCII-Code, Scan-Code und Word-Wert der
  ' gedrÅckten Taste
  Repeat
    ' leert den Tastaturpuffer
  Until Inkey$=""
  Pause 10
Loop
'
' -------------------------------------------------------
' Logaritmus - Trick - Grafik
'
Plot 0,0
Circle 637,397,4
For X=1 To 640
  Y=Log(X)
  Draw  To X,50+Y*54
Next X
Print Chr$(7)
Graphmode 3
For X=640 To 1 Step -10
  Y=Log(X)
  Pcircle X,47+Y*54,7
  Pcircle X,47+Y*54,7
Next X
Print Chr$(7)
'
' ------------------------------------------------------
' Ein Minimal-Programm zum Betrieb von MenÅs
'
@Inits
Do
  If K<>2
    On Menu
  Endif
  Mouse X,Y,K
  If Flag=1 And K=2
    Plot X,Y
  Endif
  If Flag=2 And K=2
    Box X,Y,X+20,Y+20
  Endif
  If Flag=3 And K=2
    Ellipse X,Y,20,30
  Endif
Loop
Procedure K.ey
  Print "Scan/ASCII-Code ( 2 Byte ) : ";Menu(14)
  Taste$=Mki$(Menu(14))
  Print "Scan-Code  ( 1 Byte ) : ";Peek(Varptr(Taste$))
  Print "ASCII-Code ( 1 Byte ) : ";Peek(Varptr(Taste$)+1)
Return
Procedure M.enu
  If M.enuarray$(Menu(0))="Clear / Info"
    Alert 1,A$+Hinweis$+B$+C$+D$,2,E$,F%
    If F%=1
      Cls
    Endif
  Endif
  If M.enuarray$(Menu(0))="Editor"
    Closew 0
    Cls
    Edit
  Endif
  If M.enuarray$(Menu(0))="System"
    System
  Endif
  If Menu(0)>10 And Menu(0)<14
    ' -------------------------------------------------------------
    For I=11 To 13
      Menu I,0
      Menu I,3
    Next I
    Menu Menu(0),1
    Menu Menu(0),2
    '
    ' in Menu(0) wird der Index des angeklickten MenÅpunktes
    ' ausgeben. Wenn Sie mit dem neuen (!) BASIC-Befehl
    ' "Menu menÅindex,code" diesen MenÅpunkt mdifizieren,
    ' kînnen Sie den Eintrag z.B. grau (inaktiv) darstellen
    ' oder ein HÑckchen davor setzen (checked).
    ' Wenn Sie das HÑckchen verwenden wollen, lassen Sie bitte
    ' bei der Namens-Zuweisung zu den einzelnen Punkten zwei Leerstellen
    ' vor dem jeweiligen Namen frei.
    '
    '         Menu Menu(0),0   => MenÅpunkt grau (inaktiv)
    '         Menu Menu(0),1   => MenÅpunkt schwarz (aktiv)
    '         Menu Menu(0),2   => checked
    '         Menu Menu(0),3   => not checked
    '
    ' ------------------------------------------------------------------
    If M.enuarray$(Menu(0))="  Plot"
      Hinweis$=" Plot"
      Flag=1
    Endif
    If M.enuarray$(Menu(0))="  Box"
      Hinweis$="  Box"
      Flag=2
    Endif
    If M.enuarray$(Menu(0))="  Ellipse"
      Hinweis$="Ellipse"
      Flag=3
    Endif
  Endif
  Menu Off
Return
Procedure Inits
  Openw 0
  Cls
  A$="Sie haben gewÑhlt :"
  B$="|Linke Maustaste  = Auswahl |"
  C$="Rechte Maustaste = Zeichnen|"
  D$="    Tastatur ist aktiv !"
  E$="CLEAR |ZURöCK"
  Hinweis$="  ???"
  On Menu Key Gosub K.ey
  On Menu  Gosub M.enu
  Dim M.enuarray$(22)
  For I=0 To 22
    Read M.enuarray$(I)
    Exit If M.enuarray$(I)="+++"
  Next I
  M.enuarray$(I)=""
  M.enuarray$(I+1)=""
  Menu M.enuarray$()
Return
Data PROGRAMM,Clear / Info
Data ---------------------
Data    ,   ,   ,   ,   ,   ,""
Data DRAW,  Plot,  Box,  Ellipse,""
Data QUIT,Editor,------,------,System,"",+++
'
' -------------------------------------------------
' MKDIR - Test
'
Mkdir "Ordner"
Fileselect "A:\Ordner\*.Dat","Datei.Dat",Backvar$
Print Backvar$
If Backvar$<>"" Or Backvar$<>"\"
  Open "O",#1,Backvar$
  Print #1,"TEST"
  Close #1
Endif
Fileselect "\*.*",".Dat",Backvar$
If Backvar$<>"" Or Backvar$<>"\" Or Backvar$<>".DAT"
  Open "I",#1,Backvar$
  Input #1,A$
  Print A$
  Close #1
Endif
Pause 200
'
' ------------------------------------------------------------
' Not - Invertierung
'
Deffill ,2,2
Pbox 100,100,200,200
For I=100 To 200
  For J=200 Downto 100
    A=Not Point(I,J)
    Color A+2
    Plot I,J
  Next J
Next I
Pause 50
'
' ----------------------------------------------------
' Der Mann mit der Pfeife ist immer dabei. HÑtten Sie's gewuût ?
'
For I=28 To 29
  Print At(I,10);
  Out 5,I
  Print At(I,11);
  Out 5,I+2
Next I
U=Inp(2)
'
' ----------------------------------------------------
' Sinus / Cosinus - Trick -Grafik
'
Dim X(4),Y(4)
A=4
Deffill ,2,4
Defmark ,4,100
For J=1 To 5
  For I=0 To 2*Pi Step 0.06
    ' wahlweise:
    '    B%=(I+0.5)*2
    '    Graphmode B%
    Graphmode 3
    Sub A,0.03
    X(0)=320-Cos(I)*180/A
    Y(0)=200-Sin(I)*180/A
    X(1)=320-Cos(I+Pi*0.5)*180/A
    Y(1)=200-Sin(I+Pi*0.5)*180/A
    X(2)=320-Cos(I+Pi)*180/A
    Y(2)=200-Sin(I+Pi)*180/A
    X(3)=320-Cos(I+Pi*1.5)*180/A
    Y(3)=200-Sin(I+Pi*1.5)*180/A
    X(4)=X(0)
    Y(4)=Y(0)
    ' wahlweise:
    '    Polyfill 5,X(),Y()
    '    Polyline 5,X(),Y()
    Polymark 4,X(),Y()
    Polymark 4,X(),Y()
  Next I
Next J
U=Inp(2)
'
' --------------------------------------------------------
' Sinus - Trick - Grafik
'
Plot 0,0
For X=0 To 640
  Xx=X*Pi/50
  Y=Sin(Xx)
  Draw  To X,200+Y*100
Next X
Edit
'
' ----------------------------------------------------------
' MINI - SYNTHESIZER
'
'
Sound 1,0,1,4,2
Sound 2,0,4,4,2
Sound 3,0,9,4,2
Dim P(5)
Print At(10,7);"Parameter : mit F1 bis F5 erhîhen !"
Print At(10,8);"            mit Shift+F1 bis F5 vermindern !"
Do
  A$=Inkey$
  A=Asc(Right$(A$))
  Repeat
  Until Inkey$=""
  Aa=A-58
  If Aa<6 And Aa>0
    Inc P(Aa)
    If P(Aa)<0
      P(Aa)=0
    Endif
    @Output
  Endif
  If Aa<31 And Aa>25
    Dec P(Aa-25)
    If P(Aa-25)<0
      P(Aa-25)=0
    Endif
    @Output
  Endif
  Wave P(1) Mod 64,P(2) Mod 64,P(3) Mod 16,P(4)*50,P(5)
Loop
Procedure Output
  Print At(10,10);"Wave ";
  Print P(1) Mod 64;",";P(2) Mod 64;",";P(3) Mod 16;",";P(4)*50;",";P(5)'''''
Return
'
' ----------------------------------------------------------
' Eine VDISYS - Routine zur Erzeugung von Ellypsen und Ellypsenbîgen.
'
Dpoke Contrl+2,4
Dpoke Contrl+6,2
Dpoke Contrl+10,3
Dpoke Contrl+12,2
Dpoke Intin,1600
Dpoke Intin+2,2000
Dpoke Ptsin,580
Dpoke Ptsin+2,200
Dpoke Ptsin+12,490
Vdisys 11
For I=1 To 4
  Deffill ,2,I
  Vdisys
Next I
'
' -------------------------------------------------------
' Ein Programm, welches den Inhalt einer Datei einliest
' und anschlieûend auf dem Monitor ausgibt. Dabei werden
' Steuerzeichen nicht ausgefÅhrt sondern ausgegeben.
'
Fileselect "*.*","",Selected$
If Exist(Selected$)<>0
  Open "I",#1,Selected$
  Open "",#2,"VID:"
  '
  '     bei öbergabe an "VID:" (Video/Monitor) werden
  '     Steuerzeichen nicht ausgefÅhrt, sondern auf dem
  '     Monitor ausgegeben.
  '
  While Eof(#1)=0
    Print #2;Input$(1,#1);
  Wend
  Close
Endif
U=Inp(2)
'
' ------------------------------------------------------
'
For I%=0 To 26
  For J%=0 To 31
    For K%=1 To 3600 Step 900
      Deftext 1,J%,K%,I%
      Text 320,200,200," TEXTDEMO"
    Next K%
  Next J%
Next I%
'
' ------------------------------------------------------
' Dies ist ein Minimal-Programm zum Betrieb von Windows
'
Openw 0
Deffill ,2,4
Pbox 0,0,639,380
For I=1 To 4
  Dpoke Windtab+2+(I-1)*12,&X111111111111
  Titlew I," TITEL-Zeile "+Str$(I)
  Infow I," INFO-Zeile "+Str$(I)
  Openw I
  Clearw I
Next I
Count=4
On Menu Message Gosub M.essage
Do
  A$=Inkey$
  If A$=>"1" And A$=<"4"
    Openw Val(A$)
    Clearw Val(A$)
    Inc Count
  Endif
  On Menu
  Mouse X,Y,K
  Xr=Dpeek(Windtab+8+(Menu(4)-1)*12)-20
  Yr=Dpeek(Windtab+10+(Menu(4)-1)*12)-60
  If K=1 And X=>0 And Y=>0 And X<Xr And Y<Yr
    Print Xy
  Endif
Loop
Procedure M.essage
  If Menu(1)=20
    Print "Bereich ";Menu(4);": ";Menu(5);Menu(6);Menu(7);Menu(8)
  Endif
  If Menu(1)=21
    Infow Menu(4),"(TOPPER) Window "+Str$(Menu(4))+" gewÑhlt"
    Openw Menu(4)
    Clearw Menu(4)
  Endif
  If Menu(1)=22
    Closew Menu(4)
    Dec Count
    If Count=0
      Alert 2,"Programm-Ende ?",1,"OKAY|NEIN",D%
      If D%=1
        Closew 0
        Cls
        Edit
      Else
        Alert 1,"Fenster îffnen:|Tasten 1 - 4",1,"OKAY",D%
      Endif
    Endif
  Endif
  If Menu(1)=23
    Closew Menu(4)
    Dpoke Windtab+4+(Menu(4)-1)*12,0
    Dpoke Windtab+6+(Menu(4)-1)*12,19
    Dpoke Windtab+8+(Menu(4)-1)*12,639
    Dpoke Windtab+12+(Menu(4)-1)*12,380
    Infow Menu(4),"(FULLER) Volle Grîûe !"
    Openw Menu(4)
    Clearw Menu(4)
  Endif
  If Menu(1)=24
    Infow Menu(4),"(ARROWS) Pfeil:"+Str$(Menu(5))
  Endif
  If Menu(1)=25
    Infow Menu(4),"(SLIDE)H-Schieber : "+Str$(Menu(5))
  Endif
  If Menu(1)=26
    Infow Menu(4),"(SLIDE)V-Schieber : "+Str$(Menu(5))
  Endif
  If Menu(1)=27
    Dpoke Windtab+8+(Menu(4)-1)*12,Menu(7)
    Dpoke Windtab+10+(Menu(4)-1)*12,Menu(8)
    Closew Menu(4)
    Infow Menu(4),"(SIZER) Fenstergrîûe verÑndert"
    Openw Menu(4)
    Clearw Menu(4)
  Endif
  If Menu(1)=28
    Dpoke Windtab+4+(Menu(4)-1)*12,Menu(5)
    Dpoke Windtab+6+(Menu(4)-1)*12,Menu(6)
    Dpoke Windtab+8+(Menu(4)-1)*12,Menu(7)
    Dpoke Windtab+10+(Menu(4)-1)*12,Menu(8)
    Closew Menu(4)
    Infow Menu(4),"(MOVER) Fenster wurde bewegt"
    Openw Menu(4)
    Clearw Menu(4)
  Endif
Return
'
' -----------------------------------------------
'  liest den ersten Sektor von Track 10
'  auf aktueller Disk (Seite 0) in die
'  Stringvariable "Buffer$" und gibt deren
'  Inhalt anschlieûend auf dem Bildschirm aus.
'
Buffer$=Space$(512)
A%=Varptr(Buffer$)
B%=Xbios(8,L:A%,L:A%-4,0,1,10,0,1)
Print Buffer$
