' -----------------
'  Codage du texte
' (C) FANTOMAS 1992
' -----------------
'
' -----------------------------------------------------------
' Sur ton dessin, les caracteres doivent etre dans cet ordre:
' -----------------------------------------------------------
'
car$="ABCDEFGHIJKLMNOPQRSTUVWXYZ?.!:(),'-123456789 "
'
' -----------------------
' Ici on met le texte ...
' -----------------------
'
texte$=texte$+"CA Y EST ! VOICI L'INTRO QUE TU M'AS DEMANDEE ... TU N'AS PLUS "
texte$=texte$+"QU'A CHANGER LE DESSIN DE FOND, LE TEXTE, ET EVENTUELLEMENT LA "
texte$=texte$+"FONTE DE CARACTERES. POUR CODER TON TEXTE UTILISE LE PETIT PRG "
texte$=texte$+"EN GFA BASIC QUE JE T'AI MIS SUR LE DISC (CODE-TXT.LST), MEME C"
texte$=texte$+"HOSE POUR LE CODAGE DE LA FONTE (CODE-FNT.LST). POUR LE RESTE T"
texte$=texte$+"U N'A QU'A REGARDER LE SOURCE..."
'
'
'
PRINT "JE CODE LE TEXTE..."
lg%=LEN(texte$)
PRINT "TAILLE: ";lg%;" ";"octets"
buftxt%=MALLOC(lg%)
FOR n%=1 TO LEN(texte$)
  m$=UPPER$(MID$(texte$,n%,1))
  t%=INSTR(car$,m$)-1
  POKE buftxt%+n%-1,t%
NEXT n%
PRINT "FINI !"
BSAVE "A:\CDOC.SRC\DATA\TEXTE.DAT",buftxt%,lg%
~MFREE(buftxt%)
