PRINT " ************************************************"
PRINT " * FOTBOLLS FRèGESPORT !!!!!!!!!!!!!!!!         *"
PRINT " * SKRIVET AV URBAN BERGGREN I GFA-BASIC        *"
PRINT " *                                              *"
PRINT " * SKRIVET 1/11-94                              *"
PRINT " *                                              *"
PRINT " *                                              *"
PRINT " ************************************************"
PRINT "LèT OSS BôRJA"
' f$-FRèGAN, s$-SVARET
' ss$-spelarens svar.
FOR i%=1 TO 10
  READ f$,s$
  REPEAT
    PRINT f$;
    INPUT ss$
    IF ss$=s$
      PRINT "BRA ,NU TILL NéSTA FRèGA"
    ELSE
      PRINT "VA , KAN DU INTE DET?"
    ENDIF
  UNTIL UPPER$(ss$)=s$
NEXT i%
DATA FrÜn vilken by i norrland kommer Jesper Blomqvist,TAVELSJô
DATA I vilken klubb spelar Stefan Rehn,GôTEBORG
DATA I vilket land spelar Stefan Schwarts,ENGLAND
DATA I vilken klubb spelar han,ARSENAL
DATA Vilket lag slog Sverige i match om tredje pris i fotbolls vm,BULGARIEN
DATA FrÜn vilket land kommer Romario,BRASILIEN
DATA Vad heter Barselonas trÑnare i fîrnamn,JOHAN
DATA Vad heter det lag Tomas Brolin spelar i ,PARMA
DATA Vilket lag blev svenska mÑstare i fotboll,GôTEBORG
DATA Med hur mycket vann vi îver Finland i borta matchen i vm-kvalet,1-0
