' TIMER - Beispiel 1 (Zeitanzeige):
'
time=TIMER
DO
  x%=(TIMER-time)/200
  PRINT AT(10,10);RIGHT$(STRING$(3,"0")+STR$(x%),3);" Sek."
LOOP
'
' TIMER - Beispiel 2 (Zeitmessung):
'
time=TIMER
PRINT "20000er Integer-FOR..NEXT-Leerschleife: ";
FOR i%=0 TO 20000
NEXT i%
PRINT (TIMER-time)/200;" Sek."
time=TIMER
PRINT "20000er Real-FOR..NEXT-Leerschleife: ";
FOR i=0 TO 20000
NEXT i
PRINT (TIMER-time)/200;" Sek."
time=TIMER
PRINT "20000er Integer-REPEAT..UNTIL-Leerschleife: ";
CLR i%
REPEAT
  INC i%
UNTIL i%=20000
PRINT (TIMER-time)/200;" Sek."
time=TIMER
PRINT "20000er Integer-DO..LOOP-Leerschleife: ";
CLR i%
DO
  INC i%
  EXIT IF i%=20000
LOOP
PRINT (TIMER-time)/200;" Sek."
'
' TIMER - Beispiel 3 (Quasi-Multitasking):
'
PRINT "Bitte <Tasten> drcken"
GRAPHMODE 3
DO
  key$=INKEY$
  IF key$>""
    PRINT key$;
  ENDIF
  IF TIMER MOD 100=0
    FOR i%=10 TO 100 STEP 6
      BOX 110-i%,110-i%,120+i%,120+i%
    NEXT i%
    FOR i%=100 TO 10 STEP -6
      BOX 110-i%,110-i%,120+i%,120+i%
    NEXT i%
  ENDIF
LOOP
