' ---------------------------------------------------------------------
' Program No. 4.1 in GfA-BASIC                               Chord-Demo
' ---------------------------------------------------------------------
Do
  Cls
  Print "Chord Demo - A note on the Sythesizer, plays three tones."
  Input "Input the  first Add-on-Tone:  ",Offset1
  Input "Input the second Add-on-Tone: ",Offset2
  Input "Input the  third Add-on-Tone: ",Offset3
  ' @Killtbuff
  Print
  Print "Now with one finger you can play 4 notes!"
  Print "Terminate the routine with an - 's'"
  Do
    Exit If Inkey$="s"
    If Bios(1,3)=-1
      Status=Bios(2,3)+256
      If Status=144 Or Status=128
        Tonh=Bios(2,3)+256
        Velocity=Bios(2,3)+256
        ' ---------------------------------
        ' Print Status,Tone,Velocity
        ' ---------------------------------
        If Offset1<>0
          Offset=Offset1
          @Putchord
        Endif
        If Offset2<>0
          Offset=Offset2
          @Putchord
        Endif
        If Offset3<>0
          Offset=Offset3
          @Putchord
        Endif
      Endif
    Endif
  Loop
  ' @Killtbuff
  Cls
  Input "Return to the Menu (0) or select new Add-on-Tones (1)?  ",Ein
  Repeat
  Until Ein=0 Or Ein=1
  Exit If Ein=0
Loop
' -----------------
Procedure Putchord
  Out 3,Status
  Out 3,Tonh+Offset
  Out 3,Velocity
Return
