
PMOD-Manager, (c) June 1994, Jochen Knaus, BDC/AURA

BLIT_CLR.INC : <Blitterl”schen.> by BDCannibal/AURA, ver. 01.00 - 176 Bytes.
DSP3DSYS.INC : <DSP-Tran&Polyh.> by BDCannibal/AURA, ver. 02.01 - 5962 Bytes.
CALC_COL.INC : <VDI->XGA/98/824> by J.Knaus / AURA., ver. 01.12 - 618 Bytes.
DSPPAULA.INC : <DSP-Paula (4vc)> by Chris of AURA  , ver. 02.50 - 14758 Bytes.
 GOURAND.INC : <Gouraudrandber.> by BDCannibal/AURA, ver. 01.07 - 1832 Bytes.
 GOURAUD.INC : <Gouraud+Fill   > by BDCannibal/AURA, ver. 01.01 - 2540 Bytes.
 POLYGON.INC : <Polygonroutine.> by BDCannibal/AURA, ver. 03.20 - 1232 Bytes.
 HLINE_4.INC : <H-Lines 4 Plans> by BDCannibal/AURA, ver. 01.03 - 654 Bytes.
  CPYCLR.INC : < Copy/Clr/Fill.> by    Jochen Knaus, ver. 01.00 - 226 Bytes.
   MOUSE.INC : <Mausroutinen...> by BDCannibal/AURA, ver. 01.29 - 510 Bytes.
  RANDOM.INC : <Random: 32Bit..> by BDCannibal/AURA, ver. 01.10 - 254 Bytes.
RELOCATE.INC : <Relozierroutine> by BDCannibal/AURA, ver. 01.00 - 126 Bytes.
     ADS.INC : <AURA-DSP-SYSTEM> by    Chris / AURA, ver. 01.10 - 872 Bytes.
 SYSTEST.INC : <Systemtest.    > by BDCannibal/AURA, ver. 01.00 - 362 Bytes.
TRANS030.INC : <Transforma. 030> by BDCannibal/AURA, ver. 02.01 - 1710 Bytes.
TRANSDSP.INC : <DSP-Tranform...> by BDCannibal/AURA, ver. 03.01 - 4958 Bytes.
TRUELINE.INC : <Truecol.Lines  > by BDCannibal/AURA, ver. 01.02 - 722 Bytes.
HLINE_18.INC : <HL1 (8 Pl.Scr.)> by BDCannibal/AURA, ver. 01.20 - 296 Bytes.
HLINE_14.INC : <H-Lines 1 Plane> by BDCannibal/AURA, ver. 01.20 - 296 Bytes.
POLYGON2.INC : <Polys unclipped> by BDCannibal/AURA, ver. 13.20 - 952 Bytes.
HLINE4_8.INC : <H-FILL 4/8-Pla.> by BDCannibal/AURA, ver. 02.00 - 694 Bytes.
HLINE4_4.INC : <H-FILL 4/4 Pla.> by BDCannibal/AURA, ver. 02.00 - 648 Bytes.

PMODfiles in 'f:\lib\'= 22
