'                                      dimensionner le buffer pour sauvegarder
'                                      l'arriäre-plan derriäre la figurine
INLINE bufadr%,260
'
GOSUB gfa_poppal__
palette$=lib_rv__$
GOSUB gfa_pload__("\PI1\DEMO.PI1",XBIOS(2),0)
'
GET 0,136,15,151,shape$                !inscrire la figurine dans un string
ALERT 2,"Appuyez sur une |touche quelconque pour|interrompre la dÇmo",1,"Start",button|
HIDEM
a=0
b=0
REPEAT
  '
  x=160+30+250/2*SINQ(a)*COSQ(c)
  y=100-4+190/2*COSQ(b)*SINQ(d)
  ADD a,0.12
  ADD b,0.5
  ADD c,0.7
  ADD d,0.32345
  GOSUB gfa_l_shap16__(x,y,0,16,XBIOS(2),bufadr%,V:shape$+6)
  VSYNC
  '
  x=160+30+250/2*SINQ(a)*COSQ(c)
  y=100-4+190/2*COSQ(b)*SINQ(d)
  ADD a,0.12
  ADD b,0.5
  ADD c,0.7
  ADD d,0.32345
  GOSUB gfa_l_shap16__(x,y,0,16,XBIOS(2),bufadr%,V:shape$+6)
  VSYNC
'
  GOSUB gfa_l_shap16__(0,0,1,16,XBIOS(2),bufadr%,V:shape$+6)
  '
UNTIL INKEY$<>""
SHOWM
~XBIOS(6,L:V:palette$)
'
PROCEDURE gfa_pload__(txt__$,destadr__%,options__%)
  LOCAL bufadr__%
  INLINE bufadr__%,32
  IF EXIST(txt__$)=TRUE
    IF options__%=0
      OPEN "I",#65,txt__$
      SEEK #65,2
      BGET #65,bufadr__%,32
      VOID XBIOS(6,L:bufadr__%)
      BGET #65,destadr__%,32000
      CLOSE #65
    ENDIF
    IF options__%=1
      OPEN "I",#65,txt__$
      SEEK #65,4
      BGET #65,bufadr__%,32
      VOID XBIOS(6,L:bufadr__%)
      SEEK #65,128
      BGET #65,destadr__%,32000
      CLOSE #65
    ENDIF
    IF options__%=2
      OPEN "I",#65,txt__$
      BGET #65,destadr__%,32000
      CLOSE #65
    ENDIF
    lib_rv__%=0
  ELSE
    lib_rv__%=1
  ENDIF
RETURN
'
PROCEDURE gfa_l_shap16__(x__%,y__%,options__%,rows__%,screenadr__%,bufadr__%,memadr__%)
  INLINE l_shap16mc__%,468
  IF BYTE{l_shap16mc__%}=&H48
    IF options__%=0
      ~C:l_shap16mc__%(W:x__%,W:y__%,W:0,W:rows__%,L:screenadr__%,L:bufadr__%,L:memadr__%)
      ~C:l_shap16mc__%(W:x__%,W:y__%,W:2,W:rows__%,L:screenadr__%,L:bufadr__%,L:memadr__%)
    ELSE
      ~C:l_shap16mc__%(W:x__%,W:y__%,W:1,W:rows__%,L:screenadr__%,L:bufadr__%,L:memadr__%)
    ENDIF
    lib_rv__%=0
  ELSE
    lib_rv__%=-1
  ENDIF
RETURN
'
PROCEDURE gfa_poppal__
  LOCAL i__|
  lib_rv__$=""
  FOR i__|=0 TO 31 STEP 2
    lib_rv__$=lib_rv__$+MKI$(DPEEK(&HFF8240+i__|))
  NEXT i__|
RETURN
'

