' Listing 1:
' Richtet auf der Diskette eine Datei mit einem Codewort ein. Das spÑtere
' Programm lÑuft nur, wenn das eingegebene Wort mit dem vorhandenen Codewort
' Åbereinstimmt.
Eingabe:
Cls
Input "Neues Codewort:";Code$  !Eingabe des gewÅnschten Wortes
If Len(Code$)<>5               !Es mÅssen genau 5 Zeichen sein!
  Alert 3,"Das Wort muû aus genau|5 Buchstaben bestehen!",1,"Nochmal",Dummy
  Goto Eingabe
Endif
Code$=Upper$(Code$)            !Umwandlung in Groûbuchstaben
C1$=Mid$(Code$,1,1)            !1. Zeichen des Wortes
C2$=Mid$(Code$,2,1)            !2. Zeichen des Wortes
C3$=Mid$(Code$,3,1)            !3. Zeichen des Wortes
C4$=Mid$(Code$,4,1)            !4. Zeichen des Wortes
C5$=Mid$(Code$,5,1)            !5. Zeichen des Wortes
C1=Asc(C1$)                    !
C2=Asc(C2$)                    ! Umwandlung der Zeichen
C3=Asc(C3$)                    !  in den ASCII-Code
C4=Asc(C4$)                    !
C5=Asc(C5$)                    !
Add C1,3                       !
Add C2,3                       ! Jedes einzelne Zeichen wird verschlÅsselt,
Add C3,3                       ! hier durch addieren der Zahl 3 (kann beliebig
Add C4,3                       ! geÑndert werden!)
Add C5,3                       !
Code$=Chr$(C1)+Chr$(C2)+Chr$(C3)+Chr$(C4)+Chr$(C5) !VerschlÅsselter Code
Open "O",#1,"code.dat"         !Einrichten der Code-Datei und
Print #1,Code$                 !schreiben des Codewortes.
Close #1
Edit
