' startup
RESERVE 131500
a=HIMEM
' write_cart
' reset cartridge
u=PEEK(&HFA0008)                      ! reset cartridge
' set unblock command tOri
u=PEEK(&HFA7400)                      ! t
u=PEEK(&HFA4F00)                      ! O
u=PEEK(&HFA7200)                      ! r
u=PEEK(&HFA6900)                      ! i
u=PEEK(&HFA0004)                      ! set RAM UPPER
u=PEEK(&HFA0080)                      ! clear address counter
u=PEEK(&HFA0010)                      ! unblock write
'
' write high bytes from file here
'
' zezwolenie na impulsy WRITE
'
PRINT "ZAPIS odliczenie 1024"
FOR i=0 TO 1022 STEP 2
  in=PEEK(&HFB0000)
NEXT i
'
' zezwolenie na impulsy WRITE
u=PEEK(&HFA0020)
'
PRINT "ZAPIS wartosc F1 na jednej stronie"
FOR i=0 TO 254 STEP 2
  in=PEEK(&HFBF100)
NEXT i
'
u=PEEK(&HFA0002)                      ! set RAM LOWER
u=PEEK(&HFA0080)                      ! clear address counter
'
' write low bytes from file here
'
' zakaz impulsow WRITE
u=PEEK(&HFA0040)
'
PRINT "ZAPIS odliczenie 1024"
FOR i=0 TO 1023 STEP 2
  in=PEEK(&HFB0000)
NEXT i
'
' zezwolenie na impulsy WRITE
u=PEEK(&HFA0020)
'
PRINT "ZAPIS wartosc F5 na jednej stronie"
FOR i=1 TO 255 STEP 2
  in=PEEK(&HFBF500)
NEXT i
'
' zakaz impulsow WRITE
u=PEEK(&HFA0040)
'
u=PEEK(&HFA0008)                      ! switch cartridge to read
