'
CLS
HIDEM
mem%=FRE()
RESERVE FRE()-200000
ecrs%=MALLOC(67200)
horiz%=MALLOC(14080)
gpal%=MALLOC(32)
dec%=MALLOC(1284)
pos%=MALLOC(128)
INLINE degas%,156
INLINE fond%,11838
ecr1%=ecrs%
ecr2%=ADD(ecrs%,33600)
xb%=XBIOS(2)
dep%=LONG{BASEPAGE+8}
REPEAT
  ADD dep%,2
UNTIL CARD{dep%}=&H7008 AND CARD{ADD(dep%,2)}=&H7008
my_vbl%=dep%
LONG{dep%}=&H48E7FFFE
REPEAT
  ADD dep%,2
UNTIL CARD{dep%}=&H7009 AND CARD{ADD(dep%,2)}=&H7009
LONG{dep%}=&H4CDF7FFF
CARD{ADD(dep%,4)}=&H4E73
super%=GEMDOS(&H20,L:0)
BMOVE &HFFFF8240,gpal%,32
BMOVE xb%,&HFFFF8240,32
VSYNC
its1%=LONG{&HFFFFFA06}
its2%=LONG{&HFFFFFA12}
avbl%=LONG{&H70}
VSYNC
LONG{&HFFFFFA06}=0
LONG{&HFFFFFA12}=0
LONG{&H70}=my_vbl%
FOR x&=1 TO 319
  adr%=ADD(horiz%,MUL(x&,44))
  long&=SHL(SHR(x&,4),1)
  IF long&<2
    long&=2
  ENDIF
  ADD long&,2
  CARD{adr%}=long&
  ADD adr%,2
  posbit|=15
  FOR trace&=0 TO x&
    CARD{adr%}=OR(CARD{adr%},SHL(1,posbit|))
    IF posbit|>0
      DEC posbit|
    ELSE
      posbit|=15
      ADD adr%,2
    ENDIF
  NEXT trace&
NEXT x&
adr%=dec%
off&=0
dec|=0
FOR x&=0 TO 319
  CARD{adr%}=off&
  CARD{ADD(adr%,2)}=dec|
  ADD adr%,4
  IF dec|<15
    INC dec|
  ELSE
    dec|=0
    ADD off&,8
  ENDIF
NEXT x&
~C:degas%(L:fond%,L:xb%,4)
LONG{&HFF8A24}=xb%
CARD{&HFF8A36}=20
CARD{&HFF8A38}=200
CARD{&HFF8A20}=8
CARD{&HFF8A22}=8
LONG{&HFF8A28}=&HFFFFFFFF
CARD{&HFF8A2C}=&HFFFF
LONG{&HFF8A32}=ADD(ecr1%,0)
CARD{&HFF8A2E}=8
CARD{&HFF8A30}=16
BYTE{&HFF8A3B}=3
BYTE{&HFF8A3D}=0
BYTE{&HFF8A3A}=2
BYTE{&HFF8A3C}=&HC0
LONG{&HFF8A24}=ADD(xb%,2)
CARD{&HFF8A36}=20
CARD{&HFF8A38}=200
LONG{&HFF8A32}=ADD(ecr1%,2)
BYTE{&HFF8A3C}=&HC0
BMOVE ecr1%,ecr2%,33600
BYTE{&H40C}=0
REPEAT
UNTIL BYTE{&H40C}
BYTE{&HFF820F}=4
CARD{&HFFFF8240}=&H0
CARD{&HFFFF8242}=&H6
CARD{&HFFFF8244}=&HF
CARD{&HFFFF8246}=&HF
LONG{&HFFFF8248}=&HFFF0FFF
LONG{&HFFFF824C}=&HFFF0FFF
LONG{&HFFFF8250}=&HFFF0FFF
'
rapx=32000/270
rapy=32000/75
adr%=pos%
FOR box&=0 TO 15
  READ x&,y&,w&,h&
  CARD{adr%}=x&*rapx
  CARD{adr%+2}=y&*rapy
  CARD{adr%+4}=w&*rapx
  CARD{adr%+6}=h&*rapy
  ADD adr%,8
NEXT box&
DATA 0,5,60,10
DATA 15,0,30,75
'
DATA 75,15,50,10
DATA 75,65,50,10
DATA 70,20,30,50
DATA 120,20,10,50
'
DATA 140,5,30,65
DATA 140,65,55,10
DATA 190,20,10,50
DATA 170,15,25,10
'
DATA 210,20,30,50
DATA 215,65,50,10
DATA 260,60,10,10
DATA 240,35,25,10
DATA 260,20,10,20
DATA 215,15,50,10
'
'
x1&=20
y1&=20
x2&=302
y2&=182
dx1&=-3
dy1&=3
dx2&=-3
dy2&=3
ex1&=1
ey1&=1
ew1&=10
eh1&=10
ex2&=1
ey2&=1
ew2&=10
eh2&=10
'
REPEAT
  CARD{&HFF8240}=0
  LONG{&H200}=ADD(ecr1%,8)
  BYTE{&H40C}=0
  REPEAT
  UNTIL BYTE{&H40C}
  CARD{&HFF8240}=&HF00
  BYTE{&HFF8A3B}=3
  LONG{&HFF8A24}=ADD(ecr1%,8)
  LONG{&HFF8A36}=&H1500C8
  LONG{&HFF8A20}=&H80008
  LONG{&HFF8A32}=ecr2%
  LONG{&HFF8A2E}=&H80008
  CARD{&HFF8A3C}=&HC00C
  LONG{&HFF8A24}=ecr2%
  LONG{&HFF8A36}=&H100C8
  LONG{&HFF8A20}=&HA8
  LONG{&HFF8A32}=ADD(ecr2%,160)
  LONG{&HFF8A2E}=&HA8
  CARD{&HFF8A3C}=&HC000
  LONG{&HFF8A24}=ADD(ecr1%,10)
  LONG{&HFF8A36}=&H1500C8
  LONG{&HFF8A20}=&H80008
  LONG{&HFF8A32}=ADD(ecr2%,2)
  LONG{&HFF8A2E}=&H80008
  CARD{&HFF8A3C}=&HC008
  LONG{&HFF8A24}=ADD(ecr2%,2)
  LONG{&HFF8A36}=&H100C8
  LONG{&HFF8A20}=&HA8
  LONG{&HFF8A32}=ADD(ecr2%,162)
  LONG{&HFF8A2E}=&HA8
  CARD{&HFF8A3C}=&HC000
  '
  CARD{&HFF8A20}=2
  CARD{&HFF8A2E}=8
  x&=ex2&
  y&=ey2&
  long&=ew2&
  larg&=eh2&
  IF long&>0 AND larg&>0
    adroff%=ADD(dec%,SHL(x&,2))
    dest%=ADD(ecr2%,ADD(MUL(y&,168),CARD{adroff%}))
    source%=ADD(horiz%,MUL(long&,44))
    long&=CARD{source%}
    LONG{&HFF8A24}=ADD(source%,2)
    CARD{&HFF8A36}=SUCC(SHR(long&,1))
    CARD{&HFF8A38}=larg&
    CARD{&HFF8A22}=-long&
    LONG{&HFF8A32}=ADD(dest%,12)
    CARD{&HFF8A30}=SUB(168,SHL(long&,2))
    BYTE{&HFF8A3B}=0
    BYTE{&HFF8A3D}=CARD{ADD(adroff%,2)}
    BYTE{&HFF8A3C}=&HC0
  ENDIF
  IF x1&<4 OR x1&>315
    dx1&=-dx1&
  ENDIF
  IF x2&<4 OR x2&>315
    dx2&=-dx2&
  ENDIF
  IF y1&<4 OR y1&>195
    dy1&=-dy1&
  ENDIF
  IF y2&<4 OR y2&>195
    dy2&=-dy2&
  ENDIF
  ADD x1&,dx1&
  ADD y1&,dy1&
  ADD x2&,dx2&
  ADD y2&,dy2&
  IF x1&>x2&
    SWAP x1&,x2&
    SWAP dx1&,dx2&
  ENDIF
  IF y1&>y2&
    SWAP y1&,y2&
    SWAP dy1&,dy2&
  ENDIF
  w&=SUB(x2&,x1&)
  h&=SUB(y2&,y1&)
  ex2&=x1&
  ey2&=y1&
  ew2&=SUCC(w&)
  eh2&=SUCC(h&)
  IF w&>0 AND h&>0
    rapx&=DIV(32000,w&)
    rapy&=DIV(32000,h&)
    BYTE{&HFF8A3B}=7
    FOR adr%=pos% TO ADD(pos%,120) STEP 8
      x&=ADD(DIV(CARD{adr%},rapx&),x1&)
      y&=ADD(DIV(CARD{ADD(adr%,2)},rapy&),y1&)
      long&=DIV(CARD{ADD(adr%,4)},rapx&)
      larg&=DIV(CARD{ADD(adr%,6)},rapy&)
      IF long&>0 AND larg&>0
        adroff%=ADD(dec%,SHL(x&,2))
        dest%=ADD(ecr2%,ADD(MUL(y&,168),CARD{adroff%}))
        source%=ADD(horiz%,MUL(long&,44))
        long&=CARD{source%}
        LONG{&HFF8A24}=ADD(source%,2)
        CARD{&HFF8A36}=SUCC(SHR(long&,1))
        CARD{&HFF8A38}=larg&
        CARD{&HFF8A22}=-long&
        LONG{&HFF8A32}=ADD(dest%,12)
        CARD{&HFF8A30}=SUB(168,SHL(long&,2))
        BYTE{&HFF8A3D}=CARD{ADD(adroff%,2)}
        BYTE{&HFF8A3C}=&HC0
      ENDIF
    NEXT adr%
  ENDIF
  SWAP ex1&,ex2&
  SWAP ey1&,ey2&
  SWAP ew1&,ew2&
  SWAP eh1&,eh2&
  SWAP ecr1%,ecr2%
  IF BYTE{&HFFFFFC02}=1
    CARD{&HFFFF8240}=&HF0
  ENDIF
UNTIL BYTE{&HFFFFFC02}=&HB9
'
LONG{&H200}=xb%
BYTE{&HFF820F}=0
BYTE{&H40C}=0
REPEAT
UNTIL BYTE{&H40C}
LONG{&H70}=avbl%
VSYNC
LONG{&HFFFFFA06}=its1%
LONG{&HFFFFFA12}=its2%
BMOVE gpal%,&HFFFF8240,32
VSYNC
~GEMDOS(&H20,L:super%)
~MFREE(ecrs%)
~MFREE(horiz%)
~MFREE(gpal%)
~MFREE(dec%)
~MFREE(pos%)
~FRE(0)
RESERVE mem%
END
'
'
> PROCEDURE my_vbl
  ~8
  ~8
  CARD{&HFFFF8240}=0
  BYTE{&HFFFF8205}=BYTE{&H201}
  BYTE{&HFFFF8207}=BYTE{&H202}
  BYTE{&HFFFF8209}=BYTE{&H203}
  BYTE{&H40C}=1
  ~9
  ~9
  ~9
  ~9
  ~9
RETURN
